
> anypart.lk@0.1.0 build
> prisma generate && next build

node.exe : warn The configuration property `package.json#prisma` is deprecated and will be removed in 
Prisma 7. Please migrate to a Prisma config file (e.g., `prisma.config.ts`).
At line:1 char:1
+ & "C:\Program Files\nodejs/node.exe" "C:\Users\K A V I S H K A\AppDat ...
+ ~~~~~~~~~~~~~~~~~~~~~~~~~~~~~~~~~~~~~~~~~~~~~~~~~~~~~~~~~~~~~~~~~~~~~
    + CategoryInfo          : NotSpecified: (warn The config...ma.config.ts`).:String) [], RemoteException
    + FullyQualifiedErrorId : NativeCommandError
 
For more information, see: https://pris.ly/prisma-config

Environment variables loaded from .env
Prisma schema loaded from prisma\schema.prisma
ÔöîÔöÇÔöÇÔöÇÔöÇÔöÇÔöÇÔöÇÔöÇÔöÇÔöÇÔöÇÔöÇÔöÇÔöÇÔöÇÔöÇÔöÇÔöÇÔöÇÔöÇÔöÇÔöÇÔöÇÔöÇÔöÇÔöÇÔöÇÔöÇÔöÇÔöÇÔöÇÔöÇÔöÇÔöÇÔö
ÇÔöÇÔöÇÔöÇÔöÇÔöÇÔöÇÔöÇÔöÇÔöÇÔöÇÔöÇÔöÇÔöÇÔöÇÔöÇÔöÇÔöÇÔöÇÔöÇÔöÇÔöÇÔöÇÔöÉ
Ôöé  Update available 6.19.2 -> 7.4.0                       Ôöé
Ôöé                                                         Ôöé
Ôöé  This is a major update - please follow the guide at    Ôöé
Ôöé  https://pris.ly/d/major-version-upgrade                Ôöé
Ôöé                                                         Ôöé
Ôöé  Run the following to update                            Ôöé
Ôöé    npm i --save-dev prisma@latest                       Ôöé
Ôöé    npm i @prisma/client@latest                          Ôöé
ÔööÔöÇÔöÇÔöÇÔöÇÔöÇÔöÇÔöÇÔöÇÔöÇÔöÇÔöÇÔöÇÔöÇÔöÇÔöÇÔöÇÔöÇÔöÇÔöÇÔöÇÔöÇÔöÇÔöÇÔöÇÔöÇÔöÇÔöÇÔöÇÔöÇÔöÇÔöÇÔöÇÔöÇÔöÇÔö
ÇÔöÇÔöÇÔöÇÔöÇÔöÇÔöÇÔöÇÔöÇÔöÇÔöÇÔöÇÔöÇÔöÇÔöÇÔöÇÔöÇÔöÇÔöÇÔöÇÔöÇÔöÇÔöÇÔöÿ

Ô£ö Generated Prisma Client (v6.19.2) to .\node_modules\@prisma\client in 382ms

Start by importing your Prisma Client (See: https://pris.ly/d/importing-client)

Tip: Interested in query caching in just a few lines of code? Try Accelerate today! https://pris.ly/tip-3-accelerate

Ôû▓ Next.js 16.1.6 (Turbopack)
- Environments: .env

ÔÜá The "middleware" file convention is deprecated. Please use "proxy" instead. Learn more: 
https://nextjs.org/docs/messages/middleware-to-proxy
  Creating an optimized production build ...
Ô£ô Compiled successfully in 17.6s
  Running TypeScript ...
  Collecting page data using 7 workers ...
  Generating static pages using 7 workers (0/28) ...
  Generating static pages using 7 workers (7/28) 
  Generating static pages using 7 workers (14/28) 
  Generating static pages using 7 workers (21/28) 
Ô£ô Generating static pages using 7 workers (28/28) in 1051.6ms
  Finalizing page optimization ...

Route (app)
Ôöî Ôùï /
Ôö£ Ôùï /_not-found
Ôö£ Ôùï /admin
Ôö£ Ôùï /admin/buyers
Ôö£ Ôùï /admin/login
Ôö£ Ôùï /admin/p-brands
Ôö£ Ôùï /admin/p-models
Ôö£ Ôùï /admin/sellers
Ôö£ Ôùï /admin/settings
Ôö£ Ôùï /admin/v-brands
Ôö£ Ôùï /admin/v-models
Ôö£ ãÆ /api/app-details
Ôö£ ãÆ /api/buyer/details/[id]
Ôö£ ãÆ /api/payments/notify
Ôö£ ãÆ /api/products/[id]
Ôö£ ãÆ /api/seller/auth/login
Ôö£ ãÆ /api/seller/auth/logout
Ôö£ ãÆ /api/seller/auth/regsiter
Ôö£ ãÆ /buyer
Ôö£ ãÆ /buyer/categories
Ôö£ ãÆ /buyer/chat
Ôö£ ãÆ /buyer/product_view/[id]
Ôö£ ãÆ /buyer/profile
Ôö£ Ôùï /seller
Ôö£ Ôùï /seller/chats
Ôö£ Ôùï /seller/login
Ôö£ Ôùï /seller/orders
Ôö£ ãÆ /seller/products
Ôö£ Ôùï /seller/register
Ôöö Ôùï /seller/settings


ãÆ Proxy (Middleware)

Ôùï  (Static)   prerendered as static content
ãÆ  (Dynamic)  server-rendered on demand

